// Jest Snapshot v1, https://goo.gl/fbAQLP

exports[`ScrollText tests Should match the snapshot 1`] = `
ShallowWrapper {
  "length": 1,
  Symbol(enzyme.__root__): [Circular],
  Symbol(enzyme.__unrendered__): <ScrollText
    film={
        Object {
            "episode": 1,
            "text": "Scrolling",
            "title": "Star Wars",
          }
    }
/>,
  Symbol(enzyme.__renderer__): Object {
    "batchedUpdates": [Function],
    "getNode": [Function],
    "render": [Function],
    "simulateEvent": [Function],
    "unmount": [Function],
  },
  Symbol(enzyme.__node__): Object {
    "instance": null,
    "key": undefined,
    "nodeType": "host",
    "props": Object {
      "children": Array [
        <div
          className="scroll-container"
>
          <div
                    className="scroll-text"
          >
                    <h3>
                              Star Wars
                    </h3>
                    <h5>
                              EPISODE 
                              I
                    </h5>
                    <h4>
                              Scrolling
                    </h4>
          </div>
</div>,
        <Button
          buttonText="Skip"
          className="btn-skip"
          functionToFire={undefined}
/>,
      ],
    },
    "ref": null,
    "rendered": Array [
      Object {
        "instance": null,
        "key": undefined,
        "nodeType": "host",
        "props": Object {
          "children": <div
            className="scroll-text"
>
            <h3>
                        Star Wars
            </h3>
            <h5>
                        EPISODE 
                        I
            </h5>
            <h4>
                        Scrolling
            </h4>
</div>,
          "className": "scroll-container",
        },
        "ref": null,
        "rendered": Object {
          "instance": null,
          "key": undefined,
          "nodeType": "host",
          "props": Object {
            "children": Array [
              <h3>
                Star Wars
</h3>,
              <h5>
                EPISODE 
                I
</h5>,
              <h4>
                Scrolling
</h4>,
            ],
            "className": "scroll-text",
          },
          "ref": null,
          "rendered": Array [
            Object {
              "instance": null,
              "key": undefined,
              "nodeType": "host",
              "props": Object {
                "children": "Star Wars",
              },
              "ref": null,
              "rendered": "Star Wars",
              "type": "h3",
            },
            Object {
              "instance": null,
              "key": undefined,
              "nodeType": "host",
              "props": Object {
                "children": Array [
                  "EPISODE ",
                  "I",
                ],
              },
              "ref": null,
              "rendered": Array [
                "EPISODE ",
                "I",
              ],
              "type": "h5",
            },
            Object {
              "instance": null,
              "key": undefined,
              "nodeType": "host",
              "props": Object {
                "children": "Scrolling",
              },
              "ref": null,
              "rendered": "Scrolling",
              "type": "h4",
            },
          ],
          "type": "div",
        },
        "type": "div",
      },
      Object {
        "instance": null,
        "key": undefined,
        "nodeType": "function",
        "props": Object {
          "buttonText": "Skip",
          "className": "btn-skip",
          "functionToFire": undefined,
        },
        "ref": null,
        "rendered": null,
        "type": [Function],
      },
    ],
    "type": "div",
  },
  Symbol(enzyme.__nodes__): Array [
    Object {
      "instance": null,
      "key": undefined,
      "nodeType": "host",
      "props": Object {
        "children": Array [
          <div
            className="scroll-container"
>
            <div
                        className="scroll-text"
            >
                        <h3>
                                    Star Wars
                        </h3>
                        <h5>
                                    EPISODE 
                                    I
                        </h5>
                        <h4>
                                    Scrolling
                        </h4>
            </div>
</div>,
          <Button
            buttonText="Skip"
            className="btn-skip"
            functionToFire={undefined}
/>,
        ],
      },
      "ref": null,
      "rendered": Array [
        Object {
          "instance": null,
          "key": undefined,
          "nodeType": "host",
          "props": Object {
            "children": <div
              className="scroll-text"
>
              <h3>
                            Star Wars
              </h3>
              <h5>
                            EPISODE 
                            I
              </h5>
              <h4>
                            Scrolling
              </h4>
</div>,
            "className": "scroll-container",
          },
          "ref": null,
          "rendered": Object {
            "instance": null,
            "key": undefined,
            "nodeType": "host",
            "props": Object {
              "children": Array [
                <h3>
                  Star Wars
</h3>,
                <h5>
                  EPISODE 
                  I
</h5>,
                <h4>
                  Scrolling
</h4>,
              ],
              "className": "scroll-text",
            },
            "ref": null,
            "rendered": Array [
              Object {
                "instance": null,
                "key": undefined,
                "nodeType": "host",
                "props": Object {
                  "children": "Star Wars",
                },
                "ref": null,
                "rendered": "Star Wars",
                "type": "h3",
              },
              Object {
                "instance": null,
                "key": undefined,
                "nodeType": "host",
                "props": Object {
                  "children": Array [
                    "EPISODE ",
                    "I",
                  ],
                },
                "ref": null,
                "rendered": Array [
                  "EPISODE ",
                  "I",
                ],
                "type": "h5",
              },
              Object {
                "instance": null,
                "key": undefined,
                "nodeType": "host",
                "props": Object {
                  "children": "Scrolling",
                },
                "ref": null,
                "rendered": "Scrolling",
                "type": "h4",
              },
            ],
            "type": "div",
          },
          "type": "div",
        },
        Object {
          "instance": null,
          "key": undefined,
          "nodeType": "function",
          "props": Object {
            "buttonText": "Skip",
            "className": "btn-skip",
            "functionToFire": undefined,
          },
          "ref": null,
          "rendered": null,
          "type": [Function],
        },
      ],
      "type": "div",
    },
  ],
  Symbol(enzyme.__options__): Object {
    "adapter": ReactSixteenAdapter {
      "options": Object {
        "enableComponentDidUpdateOnSetState": true,
      },
    },
  },
}
`;
