// Jest Snapshot v1, https://goo.gl/fbAQLP

exports[`Header tests should match the snapshot 1`] = `
ShallowWrapper {
  "length": 1,
  Symbol(enzyme.__root__): [Circular],
  Symbol(enzyme.__unrendered__): <Header />,
  Symbol(enzyme.__renderer__): Object {
    "batchedUpdates": [Function],
    "getNode": [Function],
    "render": [Function],
    "simulateEvent": [Function],
    "unmount": [Function],
  },
  Symbol(enzyme.__node__): Object {
    "instance": null,
    "key": undefined,
    "nodeType": "host",
    "props": Object {
      "children": <div
        className="buttons"
>
        <Button
                buttonText="People"
                functionToFire={[Function]}
        />
        <Button
                buttonText="Planets"
                functionToFire={[Function]}
        />
        <Button
                buttonText="Vehicles"
                functionToFire={[Function]}
        />
        <Button
                buttonText="Favorites"
                count={undefined}
                functionToFire={undefined}
        />
</div>,
      "className": "App-header",
    },
    "ref": null,
    "rendered": Object {
      "instance": null,
      "key": undefined,
      "nodeType": "host",
      "props": Object {
        "children": Array [
          <Button
            buttonText="People"
            functionToFire={[Function]}
/>,
          <Button
            buttonText="Planets"
            functionToFire={[Function]}
/>,
          <Button
            buttonText="Vehicles"
            functionToFire={[Function]}
/>,
          <Button
            buttonText="Favorites"
            count={undefined}
            functionToFire={undefined}
/>,
        ],
        "className": "buttons",
      },
      "ref": null,
      "rendered": Array [
        Object {
          "instance": null,
          "key": undefined,
          "nodeType": "function",
          "props": Object {
            "buttonText": "People",
            "functionToFire": [Function],
          },
          "ref": null,
          "rendered": null,
          "type": [Function],
        },
        Object {
          "instance": null,
          "key": undefined,
          "nodeType": "function",
          "props": Object {
            "buttonText": "Planets",
            "functionToFire": [Function],
          },
          "ref": null,
          "rendered": null,
          "type": [Function],
        },
        Object {
          "instance": null,
          "key": undefined,
          "nodeType": "function",
          "props": Object {
            "buttonText": "Vehicles",
            "functionToFire": [Function],
          },
          "ref": null,
          "rendered": null,
          "type": [Function],
        },
        Object {
          "instance": null,
          "key": undefined,
          "nodeType": "function",
          "props": Object {
            "buttonText": "Favorites",
            "count": undefined,
            "functionToFire": undefined,
          },
          "ref": null,
          "rendered": null,
          "type": [Function],
        },
      ],
      "type": "div",
    },
    "type": "div",
  },
  Symbol(enzyme.__nodes__): Array [
    Object {
      "instance": null,
      "key": undefined,
      "nodeType": "host",
      "props": Object {
        "children": <div
          className="buttons"
>
          <Button
                    buttonText="People"
                    functionToFire={[Function]}
          />
          <Button
                    buttonText="Planets"
                    functionToFire={[Function]}
          />
          <Button
                    buttonText="Vehicles"
                    functionToFire={[Function]}
          />
          <Button
                    buttonText="Favorites"
                    count={undefined}
                    functionToFire={undefined}
          />
</div>,
        "className": "App-header",
      },
      "ref": null,
      "rendered": Object {
        "instance": null,
        "key": undefined,
        "nodeType": "host",
        "props": Object {
          "children": Array [
            <Button
              buttonText="People"
              functionToFire={[Function]}
/>,
            <Button
              buttonText="Planets"
              functionToFire={[Function]}
/>,
            <Button
              buttonText="Vehicles"
              functionToFire={[Function]}
/>,
            <Button
              buttonText="Favorites"
              count={undefined}
              functionToFire={undefined}
/>,
          ],
          "className": "buttons",
        },
        "ref": null,
        "rendered": Array [
          Object {
            "instance": null,
            "key": undefined,
            "nodeType": "function",
            "props": Object {
              "buttonText": "People",
              "functionToFire": [Function],
            },
            "ref": null,
            "rendered": null,
            "type": [Function],
          },
          Object {
            "instance": null,
            "key": undefined,
            "nodeType": "function",
            "props": Object {
              "buttonText": "Planets",
              "functionToFire": [Function],
            },
            "ref": null,
            "rendered": null,
            "type": [Function],
          },
          Object {
            "instance": null,
            "key": undefined,
            "nodeType": "function",
            "props": Object {
              "buttonText": "Vehicles",
              "functionToFire": [Function],
            },
            "ref": null,
            "rendered": null,
            "type": [Function],
          },
          Object {
            "instance": null,
            "key": undefined,
            "nodeType": "function",
            "props": Object {
              "buttonText": "Favorites",
              "count": undefined,
              "functionToFire": undefined,
            },
            "ref": null,
            "rendered": null,
            "type": [Function],
          },
        ],
        "type": "div",
      },
      "type": "div",
    },
  ],
  Symbol(enzyme.__options__): Object {
    "adapter": ReactSixteenAdapter {
      "options": Object {
        "enableComponentDidUpdateOnSetState": true,
      },
    },
  },
}
`;
